[pooled-floors] 60 units, jobs=4
[pooled-floors 1/60] done main seed 1 in 84s | 1.4m elapsed
[pooled-floors 2/60] done main seed 0 in 86s | 1.4m elapsed
[pooled-floors 3/60] done nocore seed 0 in 87s | 1.5m elapsed
[pooled-floors 4/60] done scramble seed 0 in 91s | 1.5m elapsed
[pooled-floors 5/60] done nocore seed 1 in 86s | 2.9m elapsed
[pooled-floors 6/60] done main seed 2 in 86s | 2.9m elapsed
[pooled-floors 7/60] done nocore seed 2 in 86s | 2.9m elapsed
[pooled-floors 8/60] done scramble seed 1 in 93s | 3.0m elapsed
[pooled-floors 9/60] done main seed 3 in 86s | 4.4m elapsed
[pooled-floors 10/60] done scramble seed 2 in 90s | 4.4m elapsed
[pooled-floors 11/60] done nocore seed 3 in 90s | 4.5m elapsed
[pooled-floors 12/60] done scramble seed 3 in 90s | 4.5m elapsed
[pooled-floors 13/60] done main seed 4 in 85s | 5.8m elapsed
[pooled-floors 14/60] done nocore seed 4 in 85s | 5.8m elapsed
[pooled-floors 15/60] done main seed 5 in 83s | 5.9m elapsed
[pooled-floors 16/60] done scramble seed 4 in 89s | 5.9m elapsed
[pooled-floors 17/60] done nocore seed 5 in 85s | 7.2m elapsed
[pooled-floors 18/60] done scramble seed 5 in 89s | 7.3m elapsed
[pooled-floors 19/60] done main seed 6 in 84s | 7.3m elapsed
[pooled-floors 20/60] done nocore seed 6 in 85s | 7.4m elapsed
[pooled-floors 21/60] done scramble seed 6 in 89s | 8.7m elapsed
[pooled-floors 22/60] done main seed 7 in 84s | 8.7m elapsed
[pooled-floors 23/60] done nocore seed 7 in 89s | 8.8m elapsed
[pooled-floors 24/60] done scramble seed 7 in 89s | 8.9m elapsed
[pooled-floors 25/60] done main seed 8 in 84s | 10.1m elapsed
[pooled-floors 26/60] done nocore seed 8 in 85s | 10.1m elapsed
[pooled-floors 27/60] done scramble seed 8 in 89s | 10.3m elapsed
[pooled-floors 28/60] done main seed 9 in 91s | 10.4m elapsed
[pooled-floors 29/60] done nocore seed 9 in 84s | 11.5m elapsed
[pooled-floors 30/60] done scramble seed 9 in 92s | 11.7m elapsed
[pooled-floors 31/60] done main seed 10 in 83s | 11.7m elapsed
[pooled-floors 32/60] done nocore seed 10 in 84s | 11.8m elapsed
[pooled-floors 33/60] done scramble seed 10 in 89s | 13.0m elapsed
[pooled-floors 34/60] done main seed 11 in 85s | 13.1m elapsed
[pooled-floors 35/60] done nocore seed 11 in 86s | 13.1m elapsed
[pooled-floors 36/60] done scramble seed 11 in 88s | 13.3m elapsed
[pooled-floors 37/60] done main seed 12 in 86s | 14.5m elapsed
[pooled-floors 38/60] done nocore seed 12 in 85s | 14.5m elapsed
[pooled-floors 39/60] done scramble seed 12 in 91s | 14.6m elapsed
[pooled-floors 40/60] done main seed 13 in 85s | 14.7m elapsed
[pooled-floors 41/60] done nocore seed 13 in 85s | 15.9m elapsed
[pooled-floors 42/60] done scramble seed 13 in 89s | 16.0m elapsed
[pooled-floors 43/60] done main seed 14 in 87s | 16.1m elapsed
[pooled-floors 44/60] done nocore seed 14 in 84s | 16.1m elapsed
[pooled-floors 45/60] done scramble seed 14 in 89s | 17.4m elapsed
[pooled-floors 46/60] done main seed 15 in 86s | 17.4m elapsed
[pooled-floors 47/60] done nocore seed 15 in 85s | 17.5m elapsed
[pooled-floors 48/60] done scramble seed 15 in 90s | 17.6m elapsed
[pooled-floors 49/60] done main seed 16 in 86s | 18.8m elapsed
[pooled-floors 50/60] done nocore seed 16 in 85s | 18.9m elapsed
[pooled-floors 51/60] done scramble seed 16 in 90s | 19.0m elapsed
[pooled-floors 52/60] done main seed 17 in 85s | 19.0m elapsed
[pooled-floors 53/60] done nocore seed 17 in 86s | 20.3m elapsed
[pooled-floors 54/60] done scramble seed 17 in 91s | 20.4m elapsed
[pooled-floors 55/60] done main seed 18 in 85s | 20.4m elapsed
[pooled-floors 56/60] done nocore seed 18 in 88s | 20.5m elapsed
[pooled-floors 57/60] done scramble seed 18 in 91s | 21.8m elapsed
[pooled-floors 58/60] done main seed 19 in 86s | 21.8m elapsed
[pooled-floors 59/60] done nocore seed 19 in 84s | 21.8m elapsed
[pooled-floors 60/60] done scramble seed 19 in 88s | 22.0m elapsed
POOLED FLOOR SAMPLES COMPLETE in 22.0 min
