[chunk5] 80 work units, jobs=4, outdir=/Users/sjbeard/Library/Mobile Documents/com~apple~CloudDocs/Agency project/results/chunk5
[chunk5 1/80] done main seed 0 in 213s | elapsed 3.6m, eta 281m
[chunk5 2/80] done nocore seed 0 in 102s | elapsed 3.6m, eta 139m
[chunk5 3/80] done scramble seed 0 in 107s | elapsed 3.6m, eta 91m
[chunk5 4/80] done c3 seed 0 in 14s | elapsed 3.6m, eta 68m
[chunk5 5/80] done main seed 1 in 216s | elapsed 3.9m, eta 58m
[chunk5 6/80] done nocore seed 1 in 99s | elapsed 3.9m, eta 48m
[chunk5 7/80] done scramble seed 1 in 105s | elapsed 3.9m, eta 40m
[chunk5 8/80] done c3 seed 1 in 15s | elapsed 3.9m, eta 35m
[chunk5 9/80] done main seed 2 in 216s | elapsed 7.2m, eta 56m
[chunk5 10/80] done nocore seed 2 in 105s | elapsed 7.2m, eta 50m
[chunk5 11/80] done scramble seed 2 in 107s | elapsed 7.2m, eta 45m
[chunk5 12/80] done c3 seed 2 in 15s | elapsed 7.2m, eta 41m
[chunk5 13/80] done main seed 3 in 211s | elapsed 7.6m, eta 39m
[chunk5 14/80] done nocore seed 3 in 102s | elapsed 7.6m, eta 36m
[chunk5 15/80] done scramble seed 3 in 104s | elapsed 7.6m, eta 33m
[chunk5 16/80] done c3 seed 3 in 15s | elapsed 7.6m, eta 31m
[chunk5 17/80] done main seed 4 in 214s | elapsed 10.7m, eta 40m
[chunk5 18/80] done nocore seed 4 in 104s | elapsed 10.7m, eta 37m
[chunk5 19/80] done scramble seed 4 in 107s | elapsed 10.7m, eta 34m
[chunk5 20/80] done c3 seed 4 in 14s | elapsed 10.7m, eta 32m
[chunk5 21/80] done main seed 5 in 213s | elapsed 11.4m, eta 32m
[chunk5 22/80] done nocore seed 5 in 102s | elapsed 11.4m, eta 30m
[chunk5 23/80] done scramble seed 5 in 106s | elapsed 11.4m, eta 28m
[chunk5 24/80] done c3 seed 5 in 15s | elapsed 11.4m, eta 27m
[chunk5 25/80] done main seed 6 in 217s | elapsed 14.4m, eta 32m
[chunk5 26/80] done nocore seed 6 in 102s | elapsed 14.4m, eta 30m
[chunk5 27/80] done scramble seed 6 in 107s | elapsed 14.4m, eta 28m
[chunk5 28/80] done c3 seed 6 in 15s | elapsed 14.4m, eta 27m
[chunk5 29/80] done main seed 7 in 226s | elapsed 15.5m, eta 27m
[chunk5 30/80] done nocore seed 7 in 101s | elapsed 15.5m, eta 26m
[chunk5 31/80] done scramble seed 7 in 105s | elapsed 15.5m, eta 24m
[chunk5 32/80] done c3 seed 7 in 15s | elapsed 15.5m, eta 23m
[chunk5 33/80] done main seed 8 in 209s | elapsed 17.8m, eta 25m
[chunk5 34/80] done nocore seed 8 in 102s | elapsed 17.8m, eta 24m
[chunk5 35/80] done scramble seed 8 in 107s | elapsed 17.8m, eta 23m
[chunk5 36/80] done c3 seed 8 in 15s | elapsed 17.8m, eta 22m
[chunk5 37/80] done main seed 9 in 216s | elapsed 19.3m, eta 22m
[chunk5 38/80] done nocore seed 9 in 101s | elapsed 19.3m, eta 21m
[chunk5 39/80] done scramble seed 9 in 108s | elapsed 19.3m, eta 20m
[chunk5 40/80] done c3 seed 9 in 15s | elapsed 19.3m, eta 19m
[chunk5 41/80] done main seed 10 in 210s | elapsed 21.3m, eta 20m
[chunk5 42/80] done nocore seed 10 in 108s | elapsed 21.3m, eta 19m
[chunk5 43/80] done scramble seed 10 in 107s | elapsed 21.3m, eta 18m
[chunk5 44/80] done c3 seed 10 in 15s | elapsed 21.3m, eta 17m
[chunk5 45/80] done main seed 11 in 209s | elapsed 23.1m, eta 18m
[chunk5 46/80] done nocore seed 11 in 101s | elapsed 23.1m, eta 17m
[chunk5 47/80] done scramble seed 11 in 104s | elapsed 23.1m, eta 16m
[chunk5 48/80] done c3 seed 11 in 15s | elapsed 23.1m, eta 15m
[chunk5 49/80] done main seed 12 in 208s | elapsed 25.1m, eta 16m
[chunk5 50/80] done nocore seed 12 in 100s | elapsed 25.1m, eta 15m
[chunk5 51/80] done scramble seed 12 in 104s | elapsed 25.1m, eta 14m
[chunk5 52/80] done c3 seed 12 in 15s | elapsed 25.1m, eta 13m
[chunk5 53/80] done main seed 13 in 209s | elapsed 26.8m, eta 14m
[chunk5 54/80] done nocore seed 13 in 98s | elapsed 26.8m, eta 13m
[chunk5 55/80] done scramble seed 13 in 104s | elapsed 26.8m, eta 12m
[chunk5 56/80] done c3 seed 13 in 15s | elapsed 26.8m, eta 11m
[chunk5 57/80] done main seed 14 in 205s | elapsed 28.5m, eta 11m
[chunk5 58/80] done nocore seed 14 in 99s | elapsed 28.5m, eta 11m
[chunk5 59/80] done scramble seed 14 in 104s | elapsed 28.5m, eta 10m
[chunk5 60/80] done c3 seed 14 in 14s | elapsed 28.5m, eta 9m
[chunk5 61/80] done main seed 15 in 208s | elapsed 30.2m, eta 9m
[chunk5 62/80] done nocore seed 15 in 98s | elapsed 30.2m, eta 9m
[chunk5 63/80] done scramble seed 15 in 103s | elapsed 30.2m, eta 8m
[chunk5 64/80] done c3 seed 15 in 15s | elapsed 30.2m, eta 8m
[chunk5 65/80] done main seed 16 in 209s | elapsed 32.1m, eta 7m
[chunk5 66/80] done nocore seed 16 in 100s | elapsed 32.1m, eta 7m
[chunk5 67/80] done scramble seed 16 in 103s | elapsed 32.1m, eta 6m
[chunk5 68/80] done c3 seed 16 in 15s | elapsed 32.1m, eta 6m
[chunk5 69/80] done main seed 17 in 202s | elapsed 33.8m, eta 5m
[chunk5 70/80] done nocore seed 17 in 98s | elapsed 33.8m, eta 5m
[chunk5 71/80] done scramble seed 17 in 103s | elapsed 33.8m, eta 4m
[chunk5 72/80] done c3 seed 17 in 15s | elapsed 33.8m, eta 4m
[chunk5 73/80] done main seed 18 in 209s | elapsed 35.6m, eta 3m
[chunk5 74/80] done nocore seed 18 in 97s | elapsed 35.6m, eta 3m
[chunk5 75/80] done scramble seed 18 in 102s | elapsed 35.6m, eta 2m
[chunk5 76/80] done c3 seed 18 in 14s | elapsed 35.6m, eta 2m
[chunk5 77/80] done main seed 19 in 195s | elapsed 37.1m, eta 1m
[chunk5 78/80] done nocore seed 19 in 98s | elapsed 37.1m, eta 1m
[chunk5 79/80] done scramble seed 19 in 104s | elapsed 37.1m, eta 0m
[chunk5 80/80] done c3 seed 19 in 14s | elapsed 37.1m, eta 0m
SWEEP COMPLETE in 37.1 minutes -> /Users/sjbeard/Library/Mobile Documents/com~apple~CloudDocs/Agency project/results/chunk5
