[anchor-fused-nulls] 60 units
[1/60] done main s0 in 54s (mismatches 0) | 0.9m
[2/60] done main s1 in 55s (mismatches 0) | 0.9m
[3/60] done nocore s0 in 55s (mismatches 0) | 0.9m
[4/60] done scramble s0 in 58s (mismatches 0) | 1.0m
[5/60] done nocore s1 in 56s (mismatches 0) | 1.9m
[6/60] done main s2 in 56s (mismatches 0) | 1.9m
[7/60] done scramble s1 in 59s (mismatches 0) | 1.9m
[8/60] done nocore s2 in 58s (mismatches 0) | 1.9m
[9/60] done main s3 in 57s (mismatches 0) | 2.8m
[10/60] done scramble s2 in 59s (mismatches 0) | 2.8m
[11/60] done nocore s3 in 57s (mismatches 0) | 2.9m
[12/60] done scramble s3 in 60s (mismatches 0) | 2.9m
[13/60] done nocore s4 in 56s (mismatches 0) | 3.8m
[14/60] done main s4 in 58s (mismatches 0) | 3.8m
[15/60] done scramble s4 in 59s (mismatches 0) | 3.9m
[16/60] done main s5 in 57s (mismatches 0) | 3.9m
[17/60] done nocore s5 in 55s (mismatches 0) | 4.7m
[18/60] done scramble s5 in 59s (mismatches 0) | 4.8m
[19/60] done main s6 in 57s (mismatches 0) | 4.8m
[20/60] done nocore s6 in 58s (mismatches 0) | 4.9m
[21/60] done scramble s6 in 59s (mismatches 0) | 5.7m
[22/60] done main s7 in 56s (mismatches 0) | 5.7m
[23/60] done nocore s7 in 57s (mismatches 0) | 5.8m
[24/60] done scramble s7 in 59s (mismatches 0) | 5.9m
[25/60] done main s8 in 56s (mismatches 0) | 6.6m
[26/60] done nocore s8 in 56s (mismatches 0) | 6.7m
[27/60] done scramble s8 in 58s (mismatches 0) | 6.8m
[28/60] done main s9 in 58s (mismatches 0) | 6.8m
[29/60] done nocore s9 in 56s (mismatches 0) | 7.6m
[30/60] done scramble s9 in 58s (mismatches 0) | 7.7m
[31/60] done main s10 in 56s (mismatches 0) | 7.7m
[32/60] done nocore s10 in 56s (mismatches 0) | 7.8m
[33/60] done scramble s10 in 59s (mismatches 0) | 8.6m
[34/60] done main s11 in 56s (mismatches 0) | 8.6m
[35/60] done nocore s11 in 56s (mismatches 0) | 8.6m
[36/60] done scramble s11 in 59s (mismatches 0) | 8.8m
[37/60] done main s12 in 55s (mismatches 0) | 9.5m
[38/60] done nocore s12 in 56s (mismatches 0) | 9.5m
[39/60] done scramble s12 in 58s (mismatches 0) | 9.6m
[40/60] done main s13 in 56s (mismatches 0) | 9.7m
[41/60] done nocore s13 in 56s (mismatches 0) | 10.4m
[42/60] done scramble s13 in 58s (mismatches 0) | 10.5m
[43/60] done main s14 in 56s (mismatches 0) | 10.6m
[44/60] done nocore s14 in 55s (mismatches 0) | 10.6m
[45/60] done scramble s14 in 58s (mismatches 0) | 11.4m
[46/60] done main s15 in 55s (mismatches 0) | 11.4m
[47/60] done nocore s15 in 57s (mismatches 0) | 11.5m
[48/60] done scramble s15 in 58s (mismatches 0) | 11.6m
[49/60] done main s16 in 57s (mismatches 0) | 12.4m
[50/60] done nocore s16 in 56s (mismatches 0) | 12.4m
[51/60] done scramble s16 in 59s (mismatches 0) | 12.5m
[52/60] done main s17 in 55s (mismatches 0) | 12.5m
[53/60] done nocore s17 in 55s (mismatches 0) | 13.3m
[54/60] done scramble s17 in 59s (mismatches 0) | 13.4m
[55/60] done main s18 in 56s (mismatches 0) | 13.5m
[56/60] done nocore s18 in 56s (mismatches 0) | 13.5m
[57/60] done scramble s18 in 58s (mismatches 0) | 14.3m
[58/60] done main s19 in 56s (mismatches 0) | 14.3m
[59/60] done nocore s19 in 56s (mismatches 0) | 14.4m
[60/60] done scramble s19 in 58s (mismatches 0) | 14.4m
ANCHOR FUSED NULLS COMPLETE in 14.4 min
