[v2_5] 100 units, jobs=4
[v2_5 1/100] done colony0 main s0 in 31.8m | 32m elapsed
[v2_5 2/100] done colony0 nocore s0 in 17.7m | 32m elapsed
[v2_5 3/100] done colony0 main s1 in 34.3m | 34m elapsed
[v2_5 4/100] done colony0 nocore s1 in 16.2m | 34m elapsed
[v2_5 5/100] done colony0 main s2 in 25.9m | 42m elapsed
[v2_5 6/100] done colony0 nocore s2 in 17.8m | 42m elapsed
[v2_5 7/100] done colony0 main s3 in 33.2m | 65m elapsed
[v2_5 8/100] done colony0 nocore s3 in 19.4m | 65m elapsed
[v2_5 9/100] done colony0 main s4 in 28.6m | 65m elapsed
[v2_5 10/100] done colony0 nocore s4 in 16.4m | 65m elapsed
[v2_5 11/100] done colony0 main s5 in 25.8m | 79m elapsed
[v2_5 12/100] done colony0 nocore s5 in 16.4m | 79m elapsed
[v2_5 13/100] done colony0 main s6 in 30.0m | 94m elapsed
[v2_5 14/100] done colony0 nocore s6 in 19.3m | 94m elapsed
[v2_5 15/100] done colony0 main s7 in 31.2m | 106m elapsed
[v2_5 16/100] done colony0 nocore s7 in 17.8m | 106m elapsed
[v2_5 17/100] done colony0 main s8 in 38.4m | 123m elapsed
[v2_5 18/100] done colony0 nocore s8 in 19.4m | 123m elapsed
[v2_5 19/100] done colony0 main s9 in 25.2m | 123m elapsed
[v2_5 20/100] done colony0 nocore s9 in 21.0m | 127m elapsed
[v2_5 21/100] done colony0 main s10 in 32.6m | 146m elapsed
[v2_5 22/100] done colony0 nocore s10 in 17.7m | 146m elapsed
[v2_5 23/100] done colony0 main s11 in 33.0m | 156m elapsed
[v2_5 24/100] done colony0 nocore s11 in 17.7m | 156m elapsed
[v2_5 25/100] done colony0 main s12 in 25.8m | 166m elapsed
[v2_5 26/100] done colony0 nocore s12 in 19.3m | 166m elapsed
[v2_5 27/100] done colony0 main s13 in 29.3m | 175m elapsed
[v2_5 28/100] done colony0 nocore s13 in 15.2m | 175m elapsed
[v2_5 29/100] done colony0 main s14 in 31.1m | 195m elapsed
[v2_5 30/100] done colony0 nocore s14 in 16.3m | 195m elapsed
[v2_5 31/100] done colony0 main s15 in 34.1m | 205m elapsed
[v2_5 32/100] done colony0 nocore s15 in 20.9m | 205m elapsed
[v2_5 33/100] done colony0 main s16 in 26.2m | 209m elapsed
[v2_5 34/100] done colony0 nocore s16 in 17.8m | 213m elapsed
[v2_5 35/100] done colony0 main s17 in 38.2m | 235m elapsed
[v2_5 36/100] done colony0 nocore s17 in 16.4m | 235m elapsed
[v2_5 37/100] done colony0 main s18 in 31.1m | 240m elapsed
[v2_5 38/100] done colony0 nocore s18 in 17.8m | 240m elapsed
[v2_5 39/100] done colony0 main s19 in 26.3m | 248m elapsed
[v2_5 40/100] done colony0 nocore s19 in 15.3m | 248m elapsed
[v2_5 41/100] done deep_synergy main s0 in 4.4m | 248m elapsed
[v2_5 42/100] done deep_synergy nocore s0 in 4.2m | 248m elapsed
[v2_5 43/100] done deep_synergy scramble s0 in 4.6m | 248m elapsed
[v2_5 44/100] done deep_synergy main s1 in 4.4m | 248m elapsed
[v2_5 45/100] done deep_synergy nocore s1 in 4.7m | 249m elapsed
[v2_5 46/100] done deep_synergy scramble s1 in 3.8m | 250m elapsed
[v2_5 47/100] done deep_synergy main s2 in 4.5m | 252m elapsed
[v2_5 48/100] done deep_synergy nocore s2 in 4.3m | 252m elapsed
[v2_5 49/100] done deep_synergy scramble s2 in 4.7m | 254m elapsed
[v2_5 50/100] done deep_synergy main s3 in 4.6m | 255m elapsed
[v2_5 51/100] done deep_synergy nocore s3 in 4.3m | 256m elapsed
[v2_5 52/100] done deep_synergy scramble s3 in 4.0m | 256m elapsed
[v2_5 53/100] done deep_synergy main s4 in 4.6m | 258m elapsed
[v2_5 54/100] done deep_synergy nocore s4 in 4.8m | 259m elapsed
[v2_5 55/100] done deep_synergy scramble s4 in 5.4m | 262m elapsed
[v2_5 56/100] done deep_synergy main s5 in 4.6m | 262m elapsed
[v2_5 57/100] done deep_synergy nocore s5 in 4.8m | 263m elapsed
[v2_5 58/100] done deep_synergy scramble s5 in 4.0m | 263m elapsed
[v2_5 59/100] done deep_synergy main s6 in 4.6m | 266m elapsed
[v2_5 60/100] done deep_synergy nocore s6 in 4.8m | 266m elapsed
[v2_5 61/100] done deep_synergy scramble s6 in 5.4m | 269m elapsed
[v2_5 62/100] done deep_synergy main s7 in 4.6m | 269m elapsed
[v2_5 63/100] done deep_synergy nocore s7 in 4.4m | 270m elapsed
[v2_5 64/100] done deep_synergy scramble s7 in 4.5m | 271m elapsed
[v2_5 65/100] done deep_synergy main s8 in 4.5m | 273m elapsed
[v2_5 66/100] done deep_synergy nocore s8 in 4.8m | 273m elapsed
[v2_5 67/100] done deep_synergy scramble s8 in 4.1m | 274m elapsed
[v2_5 68/100] done deep_synergy main s9 in 4.4m | 275m elapsed
[v2_5 69/100] done deep_synergy nocore s9 in 4.2m | 277m elapsed
[v2_5 70/100] done deep_synergy scramble s9 in 3.8m | 277m elapsed
[v2_5 71/100] done deep_synergy main s10 in 4.4m | 278m elapsed
[v2_5 72/100] done deep_synergy nocore s10 in 4.2m | 280m elapsed
[v2_5 73/100] done deep_synergy scramble s10 in 3.9m | 281m elapsed
[v2_5 74/100] done deep_synergy main s11 in 4.4m | 282m elapsed
[v2_5 75/100] done deep_synergy nocore s11 in 4.2m | 283m elapsed
[v2_5 76/100] done deep_synergy scramble s11 in 4.8m | 284m elapsed
[v2_5 77/100] done deep_synergy main s12 in 4.4m | 285m elapsed
[v2_5 78/100] done deep_synergy nocore s12 in 4.4m | 286m elapsed
[v2_5 79/100] done deep_synergy scramble s12 in 4.3m | 287m elapsed
[v2_5 80/100] done deep_synergy main s13 in 4.4m | 289m elapsed
[v2_5 81/100] done deep_synergy nocore s13 in 4.7m | 290m elapsed
[v2_5 82/100] done deep_synergy scramble s13 in 4.0m | 290m elapsed
[v2_5 83/100] done deep_synergy main s14 in 4.4m | 291m elapsed
[v2_5 84/100] done deep_synergy nocore s14 in 4.2m | 293m elapsed
[v2_5 85/100] done deep_synergy scramble s14 in 4.6m | 294m elapsed
[v2_5 86/100] done deep_synergy main s15 in 4.2m | 294m elapsed
[v2_5 87/100] done deep_synergy nocore s15 in 4.0m | 295m elapsed
[v2_5 88/100] done deep_synergy scramble s15 in 4.6m | 298m elapsed
[v2_5 89/100] done deep_synergy main s16 in 4.0m | 298m elapsed
[v2_5 90/100] done deep_synergy nocore s16 in 4.2m | 299m elapsed
[v2_5 91/100] done deep_synergy scramble s16 in 4.0m | 299m elapsed
[v2_5 92/100] done deep_synergy main s17 in 4.2m | 302m elapsed
[v2_5 93/100] done deep_synergy nocore s17 in 4.5m | 303m elapsed
[v2_5 94/100] done deep_synergy scramble s17 in 4.0m | 303m elapsed
[v2_5 95/100] done deep_synergy main s18 in 4.4m | 304m elapsed
[v2_5 96/100] done deep_synergy nocore s18 in 4.2m | 306m elapsed
[v2_5 97/100] done deep_synergy scramble s18 in 3.9m | 306m elapsed
[v2_5 98/100] done deep_synergy main s19 in 4.4m | 307m elapsed
[v2_5 99/100] done deep_synergy nocore s19 in 4.4m | 308m elapsed
[v2_5 100/100] done deep_synergy scramble s19 in 3.8m | 310m elapsed
V2-5 SWEEP COMPLETE in 5.2 h
