[v2_5] 240 units, jobs=4
[v2_5 1/240] done anchor main s0 in 1.7m | 2m elapsed
[v2_5 2/240] done anchor nocore s0 in 1.7m | 2m elapsed
[v2_5 3/240] done anchor scramble s0 in 1.7m | 2m elapsed
[v2_5 4/240] done anchor main s1 in 1.8m | 2m elapsed
[v2_5 5/240] done anchor nocore s1 in 1.7m | 3m elapsed
[v2_5 6/240] done anchor scramble s1 in 1.8m | 4m elapsed
[v2_5 7/240] done anchor main s2 in 1.7m | 4m elapsed
[v2_5 8/240] done anchor nocore s2 in 1.7m | 4m elapsed
[v2_5 9/240] done anchor scramble s2 in 1.7m | 5m elapsed
[v2_5 10/240] done anchor main s3 in 1.8m | 5m elapsed
[v2_5 11/240] done anchor nocore s3 in 1.7m | 5m elapsed
[v2_5 12/240] done anchor scramble s3 in 1.7m | 5m elapsed
[v2_5 13/240] done anchor main s4 in 1.7m | 7m elapsed
[v2_5 14/240] done anchor nocore s4 in 1.6m | 7m elapsed
[v2_5 15/240] done anchor scramble s4 in 1.6m | 7m elapsed
[v2_5 16/240] done anchor main s5 in 1.6m | 7m elapsed
[v2_5 17/240] done anchor nocore s5 in 1.6m | 8m elapsed
[v2_5 18/240] done anchor scramble s5 in 1.7m | 9m elapsed
[v2_5 19/240] done anchor main s6 in 1.7m | 9m elapsed
[v2_5 20/240] done anchor nocore s6 in 1.7m | 9m elapsed
[v2_5 21/240] done anchor scramble s6 in 1.6m | 10m elapsed
[v2_5 22/240] done anchor main s7 in 1.7m | 10m elapsed
[v2_5 23/240] done anchor nocore s7 in 1.7m | 10m elapsed
[v2_5 24/240] done anchor scramble s7 in 1.7m | 10m elapsed
[v2_5 25/240] done anchor main s8 in 1.6m | 12m elapsed
[v2_5 26/240] done anchor nocore s8 in 1.7m | 12m elapsed
[v2_5 27/240] done anchor scramble s8 in 1.8m | 12m elapsed
[v2_5 28/240] done anchor main s9 in 1.7m | 12m elapsed
[v2_5 29/240] done anchor nocore s9 in 1.6m | 13m elapsed
[v2_5 30/240] done anchor scramble s9 in 1.7m | 14m elapsed
[v2_5 31/240] done anchor main s10 in 1.7m | 14m elapsed
[v2_5 32/240] done anchor nocore s10 in 1.7m | 14m elapsed
[v2_5 33/240] done anchor scramble s10 in 1.6m | 15m elapsed
[v2_5 34/240] done anchor main s11 in 1.6m | 15m elapsed
[v2_5 35/240] done anchor nocore s11 in 1.6m | 15m elapsed
[v2_5 36/240] done anchor scramble s11 in 1.7m | 15m elapsed
[v2_5 37/240] done anchor main s12 in 1.8m | 17m elapsed
[v2_5 38/240] done anchor nocore s12 in 1.6m | 17m elapsed
[v2_5 39/240] done anchor scramble s12 in 1.7m | 17m elapsed
[v2_5 40/240] done anchor main s13 in 1.8m | 17m elapsed
[v2_5 41/240] done anchor nocore s13 in 1.6m | 18m elapsed
[v2_5 42/240] done anchor scramble s13 in 1.6m | 18m elapsed
[v2_5 43/240] done anchor main s14 in 1.7m | 19m elapsed
[v2_5 44/240] done anchor nocore s14 in 1.7m | 19m elapsed
[v2_5 45/240] done anchor scramble s14 in 1.6m | 20m elapsed
[v2_5 46/240] done anchor main s15 in 1.6m | 20m elapsed
[v2_5 47/240] done anchor nocore s15 in 1.7m | 20m elapsed
[v2_5 48/240] done anchor scramble s15 in 1.7m | 21m elapsed
[v2_5 49/240] done anchor main s16 in 1.6m | 22m elapsed
[v2_5 50/240] done anchor nocore s16 in 1.6m | 22m elapsed
[v2_5 51/240] done anchor scramble s16 in 1.7m | 22m elapsed
[v2_5 52/240] done anchor main s17 in 1.7m | 22m elapsed
[v2_5 53/240] done anchor nocore s17 in 1.6m | 23m elapsed
[v2_5 54/240] done anchor scramble s17 in 1.6m | 23m elapsed
[v2_5 55/240] done anchor main s18 in 1.6m | 24m elapsed
[v2_5 56/240] done anchor nocore s18 in 1.6m | 24m elapsed
[v2_5 57/240] done anchor scramble s18 in 1.7m | 25m elapsed
[v2_5 58/240] done anchor main s19 in 1.6m | 25m elapsed
[v2_5 59/240] done anchor nocore s19 in 1.6m | 25m elapsed
[v2_5 60/240] done anchor scramble s19 in 1.7m | 26m elapsed
[v2_5 61/240] done slow_meter main s0 in 2.2m | 27m elapsed
[v2_5 62/240] done slow_meter nocore s0 in 2.5m | 28m elapsed
[v2_5 63/240] done slow_meter scramble s0 in 2.0m | 28m elapsed
[v2_5 64/240] done slow_meter main s1 in 2.3m | 28m elapsed
[v2_5 65/240] done slow_meter nocore s1 in 2.5m | 30m elapsed
[v2_5 66/240] done slow_meter scramble s1 in 1.9m | 30m elapsed
[v2_5 67/240] done slow_meter main s2 in 2.3m | 30m elapsed
[v2_5 68/240] done slow_meter nocore s2 in 2.5m | 30m elapsed
[v2_5 69/240] done slow_meter scramble s2 in 2.1m | 31m elapsed
[v2_5 70/240] done slow_meter main s3 in 2.1m | 32m elapsed
[v2_5 71/240] done slow_meter nocore s3 in 2.5m | 32m elapsed
[v2_5 72/240] done slow_meter scramble s3 in 3.3m | 34m elapsed
[v2_5 73/240] done slow_meter main s4 in 2.1m | 34m elapsed
[v2_5 74/240] done slow_meter nocore s4 in 2.5m | 34m elapsed
[v2_5 75/240] done slow_meter scramble s4 in 3.2m | 36m elapsed
[v2_5 76/240] done slow_meter main s5 in 2.1m | 36m elapsed
[v2_5 77/240] done slow_meter nocore s5 in 2.5m | 36m elapsed
[v2_5 78/240] done slow_meter scramble s5 in 2.1m | 36m elapsed
[v2_5 79/240] done slow_meter main s6 in 2.2m | 38m elapsed
[v2_5 80/240] done slow_meter nocore s6 in 2.4m | 38m elapsed
[v2_5 81/240] done slow_meter scramble s6 in 2.9m | 39m elapsed
[v2_5 82/240] done slow_meter main s7 in 2.0m | 39m elapsed
[v2_5 83/240] done slow_meter nocore s7 in 2.4m | 40m elapsed
[v2_5 84/240] done slow_meter scramble s7 in 2.1m | 40m elapsed
[v2_5 85/240] done slow_meter main s8 in 2.1m | 41m elapsed
[v2_5 86/240] done slow_meter nocore s8 in 2.4m | 42m elapsed
[v2_5 87/240] done slow_meter scramble s8 in 2.0m | 42m elapsed
[v2_5 88/240] done slow_meter main s9 in 2.0m | 42m elapsed
[v2_5 89/240] done slow_meter nocore s9 in 2.4m | 43m elapsed
[v2_5 90/240] done slow_meter scramble s9 in 2.0m | 44m elapsed
[v2_5 91/240] done slow_meter main s10 in 2.0m | 44m elapsed
[v2_5 92/240] done slow_meter nocore s10 in 2.4m | 45m elapsed
[v2_5 93/240] done slow_meter scramble s10 in 2.1m | 45m elapsed
[v2_5 94/240] done slow_meter main s11 in 2.1m | 46m elapsed
[v2_5 95/240] done slow_meter nocore s11 in 2.4m | 47m elapsed
[v2_5 96/240] done slow_meter scramble s11 in 2.3m | 47m elapsed
[v2_5 97/240] done slow_meter main s12 in 2.0m | 47m elapsed
[v2_5 98/240] done slow_meter nocore s12 in 2.4m | 48m elapsed
[v2_5 99/240] done slow_meter scramble s12 in 3.2m | 50m elapsed
[v2_5 100/240] done slow_meter main s13 in 2.0m | 50m elapsed
[v2_5 101/240] done slow_meter nocore s13 in 2.4m | 50m elapsed
[v2_5 102/240] done slow_meter scramble s13 in 2.5m | 51m elapsed
[v2_5 103/240] done slow_meter main s14 in 2.0m | 51m elapsed
[v2_5 104/240] done slow_meter nocore s14 in 2.4m | 52m elapsed
[v2_5 105/240] done slow_meter scramble s14 in 1.7m | 52m elapsed
[v2_5 106/240] done slow_meter main s15 in 2.2m | 53m elapsed
[v2_5 107/240] done slow_meter nocore s15 in 2.4m | 54m elapsed
[v2_5 108/240] done slow_meter scramble s15 in 1.9m | 54m elapsed
[v2_5 109/240] done slow_meter main s16 in 2.0m | 54m elapsed
[v2_5 110/240] done slow_meter nocore s16 in 2.4m | 55m elapsed
[v2_5 111/240] done slow_meter scramble s16 in 1.9m | 55m elapsed
[v2_5 112/240] done slow_meter main s17 in 2.0m | 56m elapsed
[v2_5 113/240] done slow_meter nocore s17 in 2.4m | 57m elapsed
[v2_5 114/240] done slow_meter scramble s17 in 2.0m | 57m elapsed
[v2_5 115/240] done slow_meter main s18 in 2.2m | 57m elapsed
[v2_5 116/240] done slow_meter nocore s18 in 2.4m | 58m elapsed
[v2_5 117/240] done slow_meter scramble s18 in 3.2m | 60m elapsed
[v2_5 118/240] done slow_meter main s19 in 2.0m | 60m elapsed
[v2_5 119/240] done slow_meter nocore s19 in 2.4m | 60m elapsed
[v2_5 120/240] done slow_meter scramble s19 in 2.9m | 61m elapsed
[v2_5 121/240] done deep_synergy main s0 in 4.0m | 63m elapsed
[v2_5 122/240] done deep_synergy nocore s0 in 3.6m | 63m elapsed
[v2_5 123/240] done deep_synergy scramble s0 in 4.1m | 64m elapsed
[v2_5 124/240] done deep_synergy main s1 in 4.3m | 65m elapsed
[v2_5 125/240] done deep_synergy nocore s1 in 4.4m | 68m elapsed
[v2_5 126/240] done deep_synergy scramble s1 in 4.7m | 68m elapsed
[v2_5 127/240] done deep_synergy main s2 in 4.1m | 68m elapsed
[v2_5 128/240] done deep_synergy nocore s2 in 4.2m | 69m elapsed
[v2_5 129/240] done deep_synergy scramble s2 in 5.7m | 73m elapsed
[v2_5 130/240] done deep_synergy main s3 in 4.3m | 73m elapsed
[v2_5 131/240] done deep_synergy nocore s3 in 4.0m | 73m elapsed
[v2_5 132/240] done deep_synergy scramble s3 in 3.9m | 73m elapsed
[v2_5 133/240] done deep_synergy main s4 in 4.3m | 76m elapsed
[v2_5 134/240] done deep_synergy nocore s4 in 3.8m | 76m elapsed
[v2_5 135/240] done deep_synergy scramble s4 in 3.9m | 77m elapsed
[v2_5 136/240] done deep_synergy main s5 in 4.3m | 78m elapsed
[v2_5 137/240] done deep_synergy nocore s5 in 4.4m | 81m elapsed
[v2_5 138/240] done deep_synergy scramble s5 in 3.9m | 81m elapsed
[v2_5 139/240] done deep_synergy main s6 in 4.1m | 81m elapsed
[v2_5 140/240] done deep_synergy nocore s6 in 4.0m | 82m elapsed
[v2_5 141/240] done deep_synergy scramble s6 in 4.4m | 85m elapsed
[v2_5 142/240] done deep_synergy main s7 in 4.9m | 85m elapsed
[v2_5 143/240] done deep_synergy nocore s7 in 4.4m | 86m elapsed
[v2_5 144/240] done deep_synergy scramble s7 in 4.1m | 86m elapsed
[v2_5 145/240] done deep_synergy main s8 in 5.1m | 90m elapsed
[v2_5 146/240] done deep_synergy nocore s8 in 3.8m | 90m elapsed
[v2_5 147/240] done deep_synergy scramble s8 in 4.1m | 90m elapsed
[v2_5 148/240] done deep_synergy main s9 in 5.1m | 91m elapsed
[v2_5 149/240] done deep_synergy nocore s9 in 3.8m | 93m elapsed
[v2_5 150/240] done deep_synergy scramble s9 in 4.0m | 94m elapsed
[v2_5 151/240] done deep_synergy main s10 in 4.2m | 94m elapsed
[v2_5 152/240] done deep_synergy nocore s10 in 4.2m | 95m elapsed
[v2_5 153/240] done deep_synergy scramble s10 in 4.3m | 97m elapsed
[v2_5 154/240] done deep_synergy main s11 in 4.2m | 98m elapsed
[v2_5 155/240] done deep_synergy nocore s11 in 4.0m | 98m elapsed
[v2_5 156/240] done deep_synergy scramble s11 in 4.0m | 99m elapsed
[v2_5 157/240] done deep_synergy main s12 in 4.2m | 102m elapsed
[v2_5 158/240] done deep_synergy nocore s12 in 3.8m | 102m elapsed
[v2_5 159/240] done deep_synergy scramble s12 in 4.1m | 102m elapsed
[v2_5 160/240] done deep_synergy main s13 in 4.2m | 103m elapsed
[v2_5 161/240] done deep_synergy nocore s13 in 4.3m | 106m elapsed
[v2_5 162/240] done deep_synergy scramble s13 in 4.3m | 106m elapsed
[v2_5 163/240] done deep_synergy main s14 in 3.7m | 106m elapsed
[v2_5 164/240] done deep_synergy nocore s14 in 3.7m | 107m elapsed
[v2_5 165/240] done deep_synergy scramble s14 in 5.2m | 111m elapsed
[v2_5 166/240] done deep_synergy main s15 in 3.9m | 111m elapsed
[v2_5 167/240] done deep_synergy nocore s15 in 3.8m | 111m elapsed
[v2_5 168/240] done deep_synergy scramble s15 in 4.0m | 111m elapsed
[v2_5 169/240] done deep_synergy main s16 in 4.2m | 114m elapsed
[v2_5 170/240] done deep_synergy nocore s16 in 4.0m | 114m elapsed
[v2_5 171/240] done deep_synergy scramble s16 in 4.6m | 116m elapsed
[v2_5 172/240] done deep_synergy main s17 in 5.0m | 116m elapsed
[v2_5 173/240] done deep_synergy nocore s17 in 4.0m | 118m elapsed
[v2_5 174/240] done deep_synergy scramble s17 in 4.9m | 119m elapsed
[v2_5 175/240] done deep_synergy main s18 in 5.0m | 121m elapsed
[v2_5 176/240] done deep_synergy nocore s18 in 3.6m | 121m elapsed
[v2_5 177/240] done deep_synergy scramble s18 in 3.9m | 122m elapsed
[v2_5 178/240] done deep_synergy main s19 in 5.0m | 124m elapsed
[v2_5 179/240] done deep_synergy nocore s19 in 3.8m | 124m elapsed
[v2_5 180/240] done deep_synergy scramble s19 in 4.0m | 125m elapsed
[v2_5 181/240] done colony main s0 in 66.3m | 188m elapsed
[v2_5 182/240] done colony nocore s0 in 43.5m | 188m elapsed
[v2_5 183/240] done colony scramble s0 in 59.0m | 188m elapsed
[v2_5 184/240] done colony main s1 in 61.4m | 188m elapsed
[v2_5 185/240] done colony nocore s1 in 32.0m | 199m elapsed
[v2_5 186/240] done colony scramble s1 in 46.1m | 229m elapsed
[v2_5 187/240] done colony main s2 in 47.2m | 233m elapsed
[v2_5 188/240] done colony nocore s2 in 34.8m | 233m elapsed
[v2_5 189/240] done colony scramble s2 in 40.9m | 240m elapsed
[v2_5 190/240] done colony main s3 in 52.7m | 276m elapsed
[v2_5 191/240] done colony nocore s3 in 31.3m | 276m elapsed
[v2_5 192/240] done colony scramble s3 in 53.7m | 287m elapsed
[v2_5 193/240] done colony main s4 in 51.2m | 291m elapsed
[v2_5 194/240] done colony nocore s4 in 28.2m | 291m elapsed
[v2_5 195/240] done colony scramble s4 in 43.2m | 319m elapsed
[v2_5 196/240] done colony main s5 in 49.5m | 337m elapsed
[v2_5 197/240] done colony nocore s5 in 32.7m | 337m elapsed
[v2_5 198/240] done colony scramble s5 in 64.2m | 355m elapsed
[v2_5 199/240] done colony main s6 in 46.5m | 365m elapsed
[v2_5 200/240] done colony nocore s6 in 32.0m | 365m elapsed
[v2_5 201/240] done colony scramble s6 in 39.8m | 376m elapsed
[v2_5 202/240] done colony main s7 in 40.8m | 394m elapsed
[v2_5 203/240] done colony nocore s7 in 32.2m | 394m elapsed
[v2_5 204/240] done colony scramble s7 in 34.9m | 400m elapsed
[v2_5 205/240] done colony main s8 in 44.1m | 420m elapsed
[v2_5 206/240] done colony nocore s8 in 31.5m | 420m elapsed
[v2_5 207/240] done colony scramble s8 in 38.0m | 432m elapsed
[v2_5 208/240] done colony main s9 in 38.8m | 439m elapsed
[v2_5 209/240] done colony nocore s9 in 34.4m | 454m elapsed
[v2_5 210/240] done colony scramble s9 in 43.4m | 464m elapsed
[v2_5 211/240] done colony main s10 in 47.0m | 479m elapsed
[v2_5 212/240] done colony nocore s10 in 27.2m | 479m elapsed
[v2_5 213/240] done colony scramble s10 in 43.8m | 497m elapsed
[v2_5 214/240] done colony main s11 in 48.8m | 513m elapsed
[v2_5 215/240] done colony nocore s11 in 30.4m | 513m elapsed
[v2_5 216/240] done colony scramble s11 in 35.4m | 515m elapsed
[v2_5 217/240] done colony main s12 in 46.9m | 544m elapsed
[v2_5 218/240] done colony nocore s12 in 34.1m | 544m elapsed
[v2_5 219/240] done colony scramble s12 in 36.6m | 549m elapsed
[v2_5 220/240] done colony main s13 in 42.5m | 557m elapsed
[v2_5 221/240] done colony nocore s13 in 26.8m | 558m elapsed
[v2_5 222/240] done colony scramble s13 in 40.5m | 584m elapsed
[v2_5 223/240] done colony main s14 in 35.6m | 585m elapsed
[v2_5 224/240] done colony nocore s14 in 29.4m | 586m elapsed
[v2_5 225/240] done colony scramble s14 in 38.6m | 597m elapsed
[v2_5 226/240] done colony main s15 in 48.7m | 633m elapsed
[v2_5 227/240] done colony nocore s15 in 36.2m | 633m elapsed
[v2_5 228/240] done colony scramble s15 in 69.3m | 656m elapsed
[v2_5 229/240] done colony main s16 in 41.3m | 656m elapsed
[v2_5 230/240] done colony nocore s16 in 29.2m | 656m elapsed
[v2_5 231/240] done colony scramble s16 in 35.6m | 669m elapsed
[v2_5 232/240] done colony main s17 in 43.4m | 682m elapsed
[v2_5 233/240] done colony nocore s17 in 28.4m | 682m elapsed
[v2_5 234/240] done colony scramble s17 in 42.1m | 698m elapsed
[v2_5 235/240] done colony main s18 in 44.8m | 713m elapsed
[v2_5 236/240] done colony nocore s18 in 30.5m | 713m elapsed
[v2_5 237/240] done colony scramble s18 in 36.6m | 718m elapsed
[v2_5 238/240] done colony main s19 in 55.0m | 753m elapsed
[v2_5 239/240] done colony nocore s19 in 30.0m | 753m elapsed
[v2_5 240/240] done colony scramble s19 in 38.6m | 753m elapsed
V2-5 SWEEP COMPLETE in 12.5 h
